
> heartmsg@0.1.0 build
> next build

   ▲ Next.js 15.1.0
   - Environments: .env

   Creating an optimized production build ...
Failed to compile.

./node_modules/agent-base/dist/helpers.js:27:1
Module not found: Can't resolve 'http'
  25 | Object.defineProperty(exports, "__esModule", { value: true });
  26 | exports.req = exports.json = exports.toBuffer = void 0;
> 27 | const http = __importStar(require("http"));
     | ^
  28 | const https = __importStar(require("https"));
  29 | async function toBuffer(stream) {
  30 |     let length = 0;

https://nextjs.org/docs/messages/module-not-found

Import trace for requested module:
./node_modules/agent-base/dist/index.js
./node_modules/https-proxy-agent/dist/index.js
./node_modules/web-push/src/web-push-lib.js
./node_modules/web-push/src/index.js
./lib/push.ts
./app/api/inbox/[username]/messages/route.ts
./node_modules/next/dist/build/webpack/loaders/next-edge-app-route-loader/index.js?absolutePagePath=private-next-app-dir%2Fapi%2Finbox%2F%5Busername%5D%2Fmessages%2Froute.ts&page=%2Fapi%2Finbox%2F%5Busername%5D%2Fmessages%2Froute&appDirLoader=bmV4dC1hcHAtbG9hZGVyP25hbWU9YXBwJTJGYXBpJTJGaW5ib3glMkYlNUJ1c2VybmFtZSU1RCUyRm1lc3NhZ2VzJTJGcm91dGUmcGFnZT0lMkZhcGklMkZpbmJveCUyRiU1QnVzZXJuYW1lJTVEJTJGbWVzc2FnZXMlMkZyb3V0ZSZwYWdlUGF0aD1wcml2YXRlLW5leHQtYXBwLWRpciUyRmFwaSUyRmluYm94JTJGJTVCdXNlcm5hbWUlNUQlMkZtZXNzYWdlcyUyRnJvdXRlLnRzJmFwcERpcj0lMkZVc2VycyUyRmthYml5ZXNpJTJGRG9jdW1lbnRzJTJGYXBwcyUyRmhlYXJ0bXNnJTJGYXBwJmFwcFBhdGhzPSUyRmFwaSUyRmluYm94JTJGJTVCdXNlcm5hbWUlNUQlMkZtZXNzYWdlcyUyRnJvdXRlJnBhZ2VFeHRlbnNpb25zPXRzeCZwYWdlRXh0ZW5zaW9ucz10cyZwYWdlRXh0ZW5zaW9ucz1qc3gmcGFnZUV4dGVuc2lvbnM9anMmYmFzZVBhdGg9JmFzc2V0UHJlZml4PSZuZXh0Q29uZmlnT3V0cHV0PSZwcmVmZXJyZWRSZWdpb249Jm1pZGRsZXdhcmVDb25maWc9ZTMwJTNEIQ%3D%3D&nextConfig=eyJlbnYiOnt9LCJ3ZWJwYWNrIjpudWxsLCJlc2xpbnQiOnsiaWdub3JlRHVyaW5nQnVpbGRzIjp0cnVlfSwidHlwZXNjcmlwdCI6eyJpZ25vcmVCdWlsZEVycm9ycyI6dHJ1ZSwidHNjb25maWdQYXRoIjoidHNjb25maWcuanNvbiJ9LCJkaXN0RGlyIjoiLm5leHQiLCJjbGVhbkRpc3REaXIiOnRydWUsImFzc2V0UHJlZml4IjoiIiwiY2FjaGVNYXhNZW1vcnlTaXplIjo1MjQyODgwMCwiY29uZmlnT3JpZ2luIjoibmV4dC5jb25maWcudHMiLCJ1c2VGaWxlU3lzdGVtUHVibGljUm91dGVzIjp0cnVlLCJnZW5lcmF0ZUV0YWdzIjp0cnVlLCJwYWdlRXh0ZW5zaW9ucyI6WyJ0c3giLCJ0cyIsImpzeCIsImpzIl0sInBvd2VyZWRCeUhlYWRlciI6dHJ1ZSwiY29tcHJlc3MiOnRydWUsImltYWdlcyI6eyJkZXZpY2VTaXplcyI6WzY0MCw3NTAsODI4LDEwODAsMTIwMCwxOTIwLDIwNDgsMzg0MF0sImltYWdlU2l6ZXMiOlsxNiwzMiw0OCw2NCw5NiwxMjgsMjU2LDM4NF0sInBhdGgiOiIvX25leHQvaW1hZ2UiLCJsb2FkZXIiOiJkZWZhdWx0IiwibG9hZGVyRmlsZSI6IiIsImRvbWFpbnMiOltdLCJkaXNhYmxlU3RhdGljSW1hZ2VzIjpmYWxzZSwibWluaW11bUNhY2hlVFRMIjo2MCwiZm9ybWF0cyI6WyJpbWFnZS93ZWJwIl0sImRhbmdlcm91c2x5QWxsb3dTVkciOmZhbHNlLCJjb250ZW50U2VjdXJpdHlQb2xpY3kiOiJzY3JpcHQtc3JjICdub25lJzsgZnJhbWUtc3JjICdub25lJzsgc2FuZGJveDsiLCJjb250ZW50RGlzcG9zaXRpb25UeXBlIjoiYXR0YWNobWVudCIsInJlbW90ZVBhdHRlcm5zIjpbXSwidW5vcHRpbWl6ZWQiOnRydWV9LCJkZXZJbmRpY2F0b3JzIjp7ImFwcElzclN0YXR1cyI6dHJ1ZSwiYnVpbGRBY3Rpdml0eSI6dHJ1ZSwiYnVpbGRBY3Rpdml0eVBvc2l0aW9uIjoiYm90dG9tLXJpZ2h0In0sIm9uRGVtYW5kRW50cmllcyI6eyJtYXhJbmFjdGl2ZUFnZSI6NjAwMDAsInBhZ2VzQnVmZmVyTGVuZ3RoIjo1fSwiYW1wIjp7ImNhbm9uaWNhbEJhc2UiOiIifSwiYmFzZVBhdGgiOiIiLCJzYXNzT3B0aW9ucyI6e30sInRyYWlsaW5nU2xhc2giOmZhbHNlLCJpMThuIjpudWxsLCJwcm9kdWN0aW9uQnJvd3NlclNvdXJjZU1hcHMiOmZhbHNlLCJleGNsdWRlRGVmYXVsdE1vbWVudExvY2FsZXMiOnRydWUsInNlcnZlclJ1bnRpbWVDb25maWciOnt9LCJwdWJsaWNSdW50aW1lQ29uZmlnIjp7fSwicmVhY3RQcm9kdWN0aW9uUHJvZmlsaW5nIjpmYWxzZSwicmVhY3RTdHJpY3RNb2RlIjpudWxsLCJyZWFjdE1heEhlYWRlcnNMZW5ndGgiOjYwMDAsImh0dHBBZ2VudE9wdGlvbnMiOnsia2VlcEFsaXZlIjp0cnVlfSwibG9nZ2luZyI6e30sImV4cGlyZVRpbWUiOjMxNTM2MDAwLCJzdGF0aWNQYWdlR2VuZXJhdGlvblRpbWVvdXQiOjYwLCJtb2R1bGFyaXplSW1wb3J0cyI6eyJAbXVpL2ljb25zLW1hdGVyaWFsIjp7InRyYW5zZm9ybSI6IkBtdWkvaWNvbnMtbWF0ZXJpYWwve3ttZW1iZXJ9fSJ9LCJsb2Rhc2giOnsidHJhbnNmb3JtIjoibG9kYXNoL3t7bWVtYmVyfX0ifX0sIm91dHB1dEZpbGVUcmFjaW5nUm9vdCI6Ii9Vc2Vycy9rYWJpeWVzaS9Eb2N1bWVudHMvYXBwcy9oZWFydG1zZyIsImV4cGVyaW1lbnRhbCI6eyJjYWNoZUxpZmUiOnsiZGVmYXVsdCI6eyJzdGFsZSI6MzAwLCJyZXZhbGlkYXRlIjo5MDAsImV4cGlyZSI6NDI5NDk2NzI5NH0sInNlY29uZHMiOnsic3RhbGUiOjAsInJldmFsaWRhdGUiOjEsImV4cGlyZSI6NjB9LCJtaW51dGVzIjp7InN0YWxlIjozMDAsInJldmFsaWRhdGUiOjYwLCJleHBpcmUiOjM2MDB9LCJob3VycyI6eyJzdGFsZSI6MzAwLCJyZXZhbGlkYXRlIjozNjAwLCJleHBpcmUiOjg2NDAwfSwiZGF5cyI6eyJzdGFsZSI6MzAwLCJyZXZhbGlkYXRlIjo4NjQwMCwiZXhwaXJlIjo2MDQ4MDB9LCJ3ZWVrcyI6eyJzdGFsZSI6MzAwLCJyZXZhbGlkYXRlIjo2MDQ4MDAsImV4cGlyZSI6MjU5MjAwMH0sIm1heCI6eyJzdGFsZSI6MzAwLCJyZXZhbGlkYXRlIjoyNTkyMDAwLCJleHBpcmUiOjQyOTQ5NjcyOTR9fSwiY2FjaGVIYW5kbGVycyI6e30sImNzc0NodW5raW5nIjp0cnVlLCJtdWx0aVpvbmVEcmFmdE1vZGUiOmZhbHNlLCJhcHBOYXZGYWlsSGFuZGxpbmciOmZhbHNlLCJwcmVyZW5kZXJFYXJseUV4aXQiOnRydWUsInNlcnZlck1pbmlmaWNhdGlvbiI6dHJ1ZSwic2VydmVyU291cmNlTWFwcyI6ZmFsc2UsImxpbmtOb1RvdWNoU3RhcnQiOmZhbHNlLCJjYXNlU2Vuc2l0aXZlUm91dGVzIjpmYWxzZSwiY2xpZW50U2VnbWVudENhY2hlIjpmYWxzZSwicHJlbG9hZEVudHJpZXNPblN0YXJ0Ijp0cnVlLCJjbGllbnRSb3V0ZXJGaWx0ZXIiOnRydWUsImNsaWVudFJvdXRlckZpbHRlclJlZGlyZWN0cyI6ZmFsc2UsImZldGNoQ2FjaGVLZXlQcmVmaXgiOiIiLCJtaWRkbGV3YXJlUHJlZmV0Y2giOiJmbGV4aWJsZSIsIm9wdGltaXN0aWNDbGllbnRDYWNoZSI6dHJ1ZSwibWFudWFsQ2xpZW50QmFzZVBhdGgiOmZhbHNlLCJjcHVzIjoxMCwibWVtb3J5QmFzZWRXb3JrZXJzQ291bnQiOmZhbHNlLCJpbWdPcHRDb25jdXJyZW5jeSI6bnVsbCwiaW1nT3B0VGltZW91dEluU2Vjb25kcyI6NywiaW1nT3B0TWF4SW5wdXRQaXhlbHMiOjI2ODQwMjY4OSwiaW1nT3B0U2VxdWVudGlhbFJlYWQiOm51bGwsImlzckZsdXNoVG9EaXNrIjp0cnVlLCJ3b3JrZXJUaHJlYWRzIjpmYWxzZSwib3B0aW1pemVDc3MiOmZhbHNlLCJuZXh0U2NyaXB0V29ya2VycyI6ZmFsc2UsInNjcm9sbFJlc3RvcmF0aW9uIjpmYWxzZSwiZXh0ZXJuYWxEaXIiOmZhbHNlLCJkaXNhYmxlT3B0aW1pemVkTG9hZGluZyI6ZmFsc2UsImd6aXBTaXplIjp0cnVlLCJjcmFDb21wYXQiOmZhbHNlLCJlc21FeHRlcm5hbHMiOnRydWUsImZ1bGx5U3BlY2lmaWVkIjpmYWxzZSwic3djVHJhY2VQcm9maWxpbmciOmZhbHNlLCJmb3JjZVN3Y1RyYW5zZm9ybXMiOmZhbHNlLCJsYXJnZVBhZ2VEYXRhQnl0ZXMiOjEyODAwMCwidHVyYm8iOnsicm9vdCI6Ii9Vc2Vycy9rYWJpeWVzaS9Eb2N1bWVudHMvYXBwcy9oZWFydG1zZyJ9LCJ0eXBlZFJvdXRlcyI6ZmFsc2UsInR5cGVkRW52IjpmYWxzZSwicGFyYWxsZWxTZXJ2ZXJDb21waWxlcyI6ZmFsc2UsInBhcmFsbGVsU2VydmVyQnVpbGRUcmFjZXMiOmZhbHNlLCJwcHIiOmZhbHNlLCJhdXRoSW50ZXJydXB0cyI6ZmFsc2UsInJlYWN0T3duZXJTdGFjayI6ZmFsc2UsIndlYnBhY2tNZW1vcnlPcHRpbWl6YXRpb25zIjpmYWxzZSwib3B0aW1pemVTZXJ2ZXJSZWFjdCI6dHJ1ZSwidXNlRWFybHlJbXBvcnQiOmZhbHNlLCJzdGFsZVRpbWVzIjp7ImR5bmFtaWMiOjAsInN0YXRpYyI6MzAwfSwic2VydmVyQ29tcG9uZW50c0htckNhY2hlIjp0cnVlLCJzdGF0aWNHZW5lcmF0aW9uTWF4Q29uY3VycmVuY3kiOjgsInN0YXRpY0dlbmVyYXRpb25NaW5QYWdlc1BlcldvcmtlciI6MjUsImR5bmFtaWNJTyI6ZmFsc2UsImlubGluZUNzcyI6ZmFsc2UsIm9wdGltaXplUGFja2FnZUltcG9ydHMiOlsibHVjaWRlLXJlYWN0IiwiZGF0ZS1mbnMiLCJsb2Rhc2gtZXMiLCJyYW1kYSIsImFudGQiLCJyZWFjdC1ib290c3RyYXAiLCJhaG9va3MiLCJAYW50LWRlc2lnbi9pY29ucyIsIkBoZWFkbGVzc3VpL3JlYWN0IiwiQGhlYWRsZXNzdWktZmxvYXQvcmVhY3QiLCJAaGVyb2ljb25zL3JlYWN0LzIwL3NvbGlkIiwiQGhlcm9pY29ucy9yZWFjdC8yNC9zb2xpZCIsIkBoZXJvaWNvbnMvcmVhY3QvMjQvb3V0bGluZSIsIkB2aXN4L3Zpc3giLCJAdHJlbW9yL3JlYWN0IiwicnhqcyIsIkBtdWkvbWF0ZXJpYWwiLCJAbXVpL2ljb25zLW1hdGVyaWFsIiwicmVjaGFydHMiLCJyZWFjdC11c2UiLCJlZmZlY3QiLCJAZWZmZWN0L3NjaGVtYSIsIkBlZmZlY3QvcGxhdGZvcm0iLCJAZWZmZWN0L3BsYXRmb3JtLW5vZGUiLCJAZWZmZWN0L3BsYXRmb3JtLWJyb3dzZXIiLCJAZWZmZWN0L3BsYXRmb3JtLWJ1biIsIkBlZmZlY3Qvc3FsIiwiQGVmZmVjdC9zcWwtbXNzcWwiLCJAZWZmZWN0L3NxbC1teXNxbDIiLCJAZWZmZWN0L3NxbC1wZyIsIkBlZmZlY3Qvc3FsLXNxdWxpdGUtbm9kZSIsIkBlZmZlY3Qvc3FsLXNxdWxpdGUtYnVuIiwiQGVmZmVjdC9zcWwtc3F1bGl0ZS13YXNtIiwiQGVmZmVjdC9zcWwtc3F1bGl0ZS1yZWFjdC1uYXRpdmUiLCJAZWZmZWN0L3JwYyIsIkBlZmZlY3QvcnBjLWh0dHAiLCJAZWZmZWN0L3R5cGVjbGFzcyIsIkBlZmZlY3QvZXhwZXJpbWVudGFsIiwiQGVmZmVjdC9vcGVudGVsZW1ldHJ5IiwiQG1hdGVyaWFsLXVpL2NvcmUiLCJAbWF0ZXJpYWwtdWkvaWNvbnMiLCJAdGFibGVyL2ljb25zLXJlYWN0IiwibXVpLWNvcmUiLCJyZWFjdC1pY29ucy9haSIsInJlYWN0LWljb25zL2JpIiwicmVhY3QtaWNvbnMvYnMiLCJyZWFjdC1pY29ucy9jZyIsInJlYWN0LWljb25zL2NpIiwicmVhY3QtaWNvbnMvZGkiLCJyZWFjdC1pY29ucy9mYSIsInJlYWN0LWljb25zL2ZhNiIsInJlYWN0LWljb25zL2ZjIiwicmVhY3QtaWNvbnMvZmkiLCJyZWFjdC1pY29ucy9naSIsInJlYWN0LWljb25zL2dvIiwicmVhY3QtaWNvbnMvZ3IiLCJyZWFjdC1pY29ucy9oaSIsInJlYWN0LWljb25zL2hpMiIsInJlYWN0LWljb25zL2ltIiwicmVhY3QtaWNvbnMvaW8iLCJyZWFjdC1pY29ucy9pbzUiLCJyZWFjdC1pY29ucy9saWEiLCJyZWFjdC1pY29ucy9saWIiLCJyZWFjdC1pY29ucy9sdSIsInJlYWN0LWljb25zL21kIiwicmVhY3QtaWNvbnMvcGkiLCJyZWFjdC1pY29ucy9yaSIsInJlYWN0LWljb25zL3J4IiwicmVhY3QtaWNvbnMvc2kiLCJyZWFjdC1pY29ucy9zbCIsInJlYWN0LWljb25zL3RiIiwicmVhY3QtaWNvbnMvdGZpIiwicmVhY3QtaWNvbnMvdGkiLCJyZWFjdC1pY29ucy92c2MiLCJyZWFjdC1pY29ucy93aSJdfSwiYnVuZGxlUGFnZXNSb3V0ZXJEZXBlbmRlbmNpZXMiOmZhbHNlLCJjb25maWdGaWxlIjoiL1VzZXJzL2thYml5ZXNpL0RvY3VtZW50cy9hcHBzL2hlYXJ0bXNnL25leHQuY29uZmlnLnRzIiwiY29uZmlnRmlsZU5hbWUiOiJuZXh0LmNvbmZpZy50cyJ9&preferredRegion=&middlewareConfig=e30%3D!

./node_modules/agent-base/dist/helpers.js:28:1
Module not found: Can't resolve 'https'
  26 | exports.req = exports.json = exports.toBuffer = void 0;
  27 | const http = __importStar(require("http"));
> 28 | const https = __importStar(require("https"));
     | ^
  29 | async function toBuffer(stream) {
  30 |     let length = 0;
  31 |     const chunks = [];

https://nextjs.org/docs/messages/module-not-found

Import trace for requested module:
./node_modules/agent-base/dist/index.js
./node_modules/https-proxy-agent/dist/index.js
./node_modules/web-push/src/web-push-lib.js
./node_modules/web-push/src/index.js
./lib/push.ts
./app/api/inbox/[username]/messages/route.ts
./node_modules/next/dist/build/webpack/loaders/next-edge-app-route-loader/index.js?absolutePagePath=private-next-app-dir%2Fapi%2Finbox%2F%5Busername%5D%2Fmessages%2Froute.ts&page=%2Fapi%2Finbox%2F%5Busername%5D%2Fmessages%2Froute&appDirLoader=bmV4dC1hcHAtbG9hZGVyP25hbWU9YXBwJTJGYXBpJTJGaW5ib3glMkYlNUJ1c2VybmFtZSU1RCUyRm1lc3NhZ2VzJTJGcm91dGUmcGFnZT0lMkZhcGklMkZpbmJveCUyRiU1QnVzZXJuYW1lJTVEJTJGbWVzc2FnZXMlMkZyb3V0ZSZwYWdlUGF0aD1wcml2YXRlLW5leHQtYXBwLWRpciUyRmFwaSUyRmluYm94JTJGJTVCdXNlcm5hbWUlNUQlMkZtZXNzYWdlcyUyRnJvdXRlLnRzJmFwcERpcj0lMkZVc2VycyUyRmthYml5ZXNpJTJGRG9jdW1lbnRzJTJGYXBwcyUyRmhlYXJ0bXNnJTJGYXBwJmFwcFBhdGhzPSUyRmFwaSUyRmluYm94JTJGJTVCdXNlcm5hbWUlNUQlMkZtZXNzYWdlcyUyRnJvdXRlJnBhZ2VFeHRlbnNpb25zPXRzeCZwYWdlRXh0ZW5zaW9ucz10cyZwYWdlRXh0ZW5zaW9ucz1qc3gmcGFnZUV4dGVuc2lvbnM9anMmYmFzZVBhdGg9JmFzc2V0UHJlZml4PSZuZXh0Q29uZmlnT3V0cHV0PSZwcmVmZXJyZWRSZWdpb249Jm1pZGRsZXdhcmVDb25maWc9ZTMwJTNEIQ%3D%3D&nextConfig=eyJlbnYiOnt9LCJ3ZWJwYWNrIjpudWxsLCJlc2xpbnQiOnsiaWdub3JlRHVyaW5nQnVpbGRzIjp0cnVlfSwidHlwZXNjcmlwdCI6eyJpZ25vcmVCdWlsZEVycm9ycyI6dHJ1ZSwidHNjb25maWdQYXRoIjoidHNjb25maWcuanNvbiJ9LCJkaXN0RGlyIjoiLm5leHQiLCJjbGVhbkRpc3REaXIiOnRydWUsImFzc2V0UHJlZml4IjoiIiwiY2FjaGVNYXhNZW1vcnlTaXplIjo1MjQyODgwMCwiY29uZmlnT3JpZ2luIjoibmV4dC5jb25maWcudHMiLCJ1c2VGaWxlU3lzdGVtUHVibGljUm91dGVzIjp0cnVlLCJnZW5lcmF0ZUV0YWdzIjp0cnVlLCJwYWdlRXh0ZW5zaW9ucyI6WyJ0c3giLCJ0cyIsImpzeCIsImpzIl0sInBvd2VyZWRCeUhlYWRlciI6dHJ1ZSwiY29tcHJlc3MiOnRydWUsImltYWdlcyI6eyJkZXZpY2VTaXplcyI6WzY0MCw3NTAsODI4LDEwODAsMTIwMCwxOTIwLDIwNDgsMzg0MF0sImltYWdlU2l6ZXMiOlsxNiwzMiw0OCw2NCw5NiwxMjgsMjU2LDM4NF0sInBhdGgiOiIvX25leHQvaW1hZ2UiLCJsb2FkZXIiOiJkZWZhdWx0IiwibG9hZGVyRmlsZSI6IiIsImRvbWFpbnMiOltdLCJkaXNhYmxlU3RhdGljSW1hZ2VzIjpmYWxzZSwibWluaW11bUNhY2hlVFRMIjo2MCwiZm9ybWF0cyI6WyJpbWFnZS93ZWJwIl0sImRhbmdlcm91c2x5QWxsb3dTVkciOmZhbHNlLCJjb250ZW50U2VjdXJpdHlQb2xpY3kiOiJzY3JpcHQtc3JjICdub25lJzsgZnJhbWUtc3JjICdub25lJzsgc2FuZGJveDsiLCJjb250ZW50RGlzcG9zaXRpb25UeXBlIjoiYXR0YWNobWVudCIsInJlbW90ZVBhdHRlcm5zIjpbXSwidW5vcHRpbWl6ZWQiOnRydWV9LCJkZXZJbmRpY2F0b3JzIjp7ImFwcElzclN0YXR1cyI6dHJ1ZSwiYnVpbGRBY3Rpdml0eSI6dHJ1ZSwiYnVpbGRBY3Rpdml0eVBvc2l0aW9uIjoiYm90dG9tLXJpZ2h0In0sIm9uRGVtYW5kRW50cmllcyI6eyJtYXhJbmFjdGl2ZUFnZSI6NjAwMDAsInBhZ2VzQnVmZmVyTGVuZ3RoIjo1fSwiYW1wIjp7ImNhbm9uaWNhbEJhc2UiOiIifSwiYmFzZVBhdGgiOiIiLCJzYXNzT3B0aW9ucyI6e30sInRyYWlsaW5nU2xhc2giOmZhbHNlLCJpMThuIjpudWxsLCJwcm9kdWN0aW9uQnJvd3NlclNvdXJjZU1hcHMiOmZhbHNlLCJleGNsdWRlRGVmYXVsdE1vbWVudExvY2FsZXMiOnRydWUsInNlcnZlclJ1bnRpbWVDb25maWciOnt9LCJwdWJsaWNSdW50aW1lQ29uZmlnIjp7fSwicmVhY3RQcm9kdWN0aW9uUHJvZmlsaW5nIjpmYWxzZSwicmVhY3RTdHJpY3RNb2RlIjpudWxsLCJyZWFjdE1heEhlYWRlcnNMZW5ndGgiOjYwMDAsImh0dHBBZ2VudE9wdGlvbnMiOnsia2VlcEFsaXZlIjp0cnVlfSwibG9nZ2luZyI6e30sImV4cGlyZVRpbWUiOjMxNTM2MDAwLCJzdGF0aWNQYWdlR2VuZXJhdGlvblRpbWVvdXQiOjYwLCJtb2R1bGFyaXplSW1wb3J0cyI6eyJAbXVpL2ljb25zLW1hdGVyaWFsIjp7InRyYW5zZm9ybSI6IkBtdWkvaWNvbnMtbWF0ZXJpYWwve3ttZW1iZXJ9fSJ9LCJsb2Rhc2giOnsidHJhbnNmb3JtIjoibG9kYXNoL3t7bWVtYmVyfX0ifX0sIm91dHB1dEZpbGVUcmFjaW5nUm9vdCI6Ii9Vc2Vycy9rYWJpeWVzaS9Eb2N1bWVudHMvYXBwcy9oZWFydG1zZyIsImV4cGVyaW1lbnRhbCI6eyJjYWNoZUxpZmUiOnsiZGVmYXVsdCI6eyJzdGFsZSI6MzAwLCJyZXZhbGlkYXRlIjo5MDAsImV4cGlyZSI6NDI5NDk2NzI5NH0sInNlY29uZHMiOnsic3RhbGUiOjAsInJldmFsaWRhdGUiOjEsImV4cGlyZSI6NjB9LCJtaW51dGVzIjp7InN0YWxlIjozMDAsInJldmFsaWRhdGUiOjYwLCJleHBpcmUiOjM2MDB9LCJob3VycyI6eyJzdGFsZSI6MzAwLCJyZXZhbGlkYXRlIjozNjAwLCJleHBpcmUiOjg2NDAwfSwiZGF5cyI6eyJzdGFsZSI6MzAwLCJyZXZhbGlkYXRlIjo4NjQwMCwiZXhwaXJlIjo2MDQ4MDB9LCJ3ZWVrcyI6eyJzdGFsZSI6MzAwLCJyZXZhbGlkYXRlIjo2MDQ4MDAsImV4cGlyZSI6MjU5MjAwMH0sIm1heCI6eyJzdGFsZSI6MzAwLCJyZXZhbGlkYXRlIjoyNTkyMDAwLCJleHBpcmUiOjQyOTQ5NjcyOTR9fSwiY2FjaGVIYW5kbGVycyI6e30sImNzc0NodW5raW5nIjp0cnVlLCJtdWx0aVpvbmVEcmFmdE1vZGUiOmZhbHNlLCJhcHBOYXZGYWlsSGFuZGxpbmciOmZhbHNlLCJwcmVyZW5kZXJFYXJseUV4aXQiOnRydWUsInNlcnZlck1pbmlmaWNhdGlvbiI6dHJ1ZSwic2VydmVyU291cmNlTWFwcyI6ZmFsc2UsImxpbmtOb1RvdWNoU3RhcnQiOmZhbHNlLCJjYXNlU2Vuc2l0aXZlUm91dGVzIjpmYWxzZSwiY2xpZW50U2VnbWVudENhY2hlIjpmYWxzZSwicHJlbG9hZEVudHJpZXNPblN0YXJ0Ijp0cnVlLCJjbGllbnRSb3V0ZXJGaWx0ZXIiOnRydWUsImNsaWVudFJvdXRlckZpbHRlclJlZGlyZWN0cyI6ZmFsc2UsImZldGNoQ2FjaGVLZXlQcmVmaXgiOiIiLCJtaWRkbGV3YXJlUHJlZmV0Y2giOiJmbGV4aWJsZSIsIm9wdGltaXN0aWNDbGllbnRDYWNoZSI6dHJ1ZSwibWFudWFsQ2xpZW50QmFzZVBhdGgiOmZhbHNlLCJjcHVzIjoxMCwibWVtb3J5QmFzZWRXb3JrZXJzQ291bnQiOmZhbHNlLCJpbWdPcHRDb25jdXJyZW5jeSI6bnVsbCwiaW1nT3B0VGltZW91dEluU2Vjb25kcyI6NywiaW1nT3B0TWF4SW5wdXRQaXhlbHMiOjI2ODQwMjY4OSwiaW1nT3B0U2VxdWVudGlhbFJlYWQiOm51bGwsImlzckZsdXNoVG9EaXNrIjp0cnVlLCJ3b3JrZXJUaHJlYWRzIjpmYWxzZSwib3B0aW1pemVDc3MiOmZhbHNlLCJuZXh0U2NyaXB0V29ya2VycyI6ZmFsc2UsInNjcm9sbFJlc3RvcmF0aW9uIjpmYWxzZSwiZXh0ZXJuYWxEaXIiOmZhbHNlLCJkaXNhYmxlT3B0aW1pemVkTG9hZGluZyI6ZmFsc2UsImd6aXBTaXplIjp0cnVlLCJjcmFDb21wYXQiOmZhbHNlLCJlc21FeHRlcm5hbHMiOnRydWUsImZ1bGx5U3BlY2lmaWVkIjpmYWxzZSwic3djVHJhY2VQcm9maWxpbmciOmZhbHNlLCJmb3JjZVN3Y1RyYW5zZm9ybXMiOmZhbHNlLCJsYXJnZVBhZ2VEYXRhQnl0ZXMiOjEyODAwMCwidHVyYm8iOnsicm9vdCI6Ii9Vc2Vycy9rYWJpeWVzaS9Eb2N1bWVudHMvYXBwcy9oZWFydG1zZyJ9LCJ0eXBlZFJvdXRlcyI6ZmFsc2UsInR5cGVkRW52IjpmYWxzZSwicGFyYWxsZWxTZXJ2ZXJDb21waWxlcyI6ZmFsc2UsInBhcmFsbGVsU2VydmVyQnVpbGRUcmFjZXMiOmZhbHNlLCJwcHIiOmZhbHNlLCJhdXRoSW50ZXJydXB0cyI6ZmFsc2UsInJlYWN0T3duZXJTdGFjayI6ZmFsc2UsIndlYnBhY2tNZW1vcnlPcHRpbWl6YXRpb25zIjpmYWxzZSwib3B0aW1pemVTZXJ2ZXJSZWFjdCI6dHJ1ZSwidXNlRWFybHlJbXBvcnQiOmZhbHNlLCJzdGFsZVRpbWVzIjp7ImR5bmFtaWMiOjAsInN0YXRpYyI6MzAwfSwic2VydmVyQ29tcG9uZW50c0htckNhY2hlIjp0cnVlLCJzdGF0aWNHZW5lcmF0aW9uTWF4Q29uY3VycmVuY3kiOjgsInN0YXRpY0dlbmVyYXRpb25NaW5QYWdlc1BlcldvcmtlciI6MjUsImR5bmFtaWNJTyI6ZmFsc2UsImlubGluZUNzcyI6ZmFsc2UsIm9wdGltaXplUGFja2FnZUltcG9ydHMiOlsibHVjaWRlLXJlYWN0IiwiZGF0ZS1mbnMiLCJsb2Rhc2gtZXMiLCJyYW1kYSIsImFudGQiLCJyZWFjdC1ib290c3RyYXAiLCJhaG9va3MiLCJAYW50LWRlc2lnbi9pY29ucyIsIkBoZWFkbGVzc3VpL3JlYWN0IiwiQGhlYWRsZXNzdWktZmxvYXQvcmVhY3QiLCJAaGVyb2ljb25zL3JlYWN0LzIwL3NvbGlkIiwiQGhlcm9pY29ucy9yZWFjdC8yNC9zb2xpZCIsIkBoZXJvaWNvbnMvcmVhY3QvMjQvb3V0bGluZSIsIkB2aXN4L3Zpc3giLCJAdHJlbW9yL3JlYWN0IiwicnhqcyIsIkBtdWkvbWF0ZXJpYWwiLCJAbXVpL2ljb25zLW1hdGVyaWFsIiwicmVjaGFydHMiLCJyZWFjdC11c2UiLCJlZmZlY3QiLCJAZWZmZWN0L3NjaGVtYSIsIkBlZmZlY3QvcGxhdGZvcm0iLCJAZWZmZWN0L3BsYXRmb3JtLW5vZGUiLCJAZWZmZWN0L3BsYXRmb3JtLWJyb3dzZXIiLCJAZWZmZWN0L3BsYXRmb3JtLWJ1biIsIkBlZmZlY3Qvc3FsIiwiQGVmZmVjdC9zcWwtbXNzcWwiLCJAZWZmZWN0L3NxbC1teXNxbDIiLCJAZWZmZWN0L3NxbC1wZyIsIkBlZmZlY3Qvc3FsLXNxdWxpdGUtbm9kZSIsIkBlZmZlY3Qvc3FsLXNxdWxpdGUtYnVuIiwiQGVmZmVjdC9zcWwtc3F1bGl0ZS13YXNtIiwiQGVmZmVjdC9zcWwtc3F1bGl0ZS1yZWFjdC1uYXRpdmUiLCJAZWZmZWN0L3JwYyIsIkBlZmZlY3QvcnBjLWh0dHAiLCJAZWZmZWN0L3R5cGVjbGFzcyIsIkBlZmZlY3QvZXhwZXJpbWVudGFsIiwiQGVmZmVjdC9vcGVudGVsZW1ldHJ5IiwiQG1hdGVyaWFsLXVpL2NvcmUiLCJAbWF0ZXJpYWwtdWkvaWNvbnMiLCJAdGFibGVyL2ljb25zLXJlYWN0IiwibXVpLWNvcmUiLCJyZWFjdC1pY29ucy9haSIsInJlYWN0LWljb25zL2JpIiwicmVhY3QtaWNvbnMvYnMiLCJyZWFjdC1pY29ucy9jZyIsInJlYWN0LWljb25zL2NpIiwicmVhY3QtaWNvbnMvZGkiLCJyZWFjdC1pY29ucy9mYSIsInJlYWN0LWljb25zL2ZhNiIsInJlYWN0LWljb25zL2ZjIiwicmVhY3QtaWNvbnMvZmkiLCJyZWFjdC1pY29ucy9naSIsInJlYWN0LWljb25zL2dvIiwicmVhY3QtaWNvbnMvZ3IiLCJyZWFjdC1pY29ucy9oaSIsInJlYWN0LWljb25zL2hpMiIsInJlYWN0LWljb25zL2ltIiwicmVhY3QtaWNvbnMvaW8iLCJyZWFjdC1pY29ucy9pbzUiLCJyZWFjdC1pY29ucy9saWEiLCJyZWFjdC1pY29ucy9saWIiLCJyZWFjdC1pY29ucy9sdSIsInJlYWN0LWljb25zL21kIiwicmVhY3QtaWNvbnMvcGkiLCJyZWFjdC1pY29ucy9yaSIsInJlYWN0LWljb25zL3J4IiwicmVhY3QtaWNvbnMvc2kiLCJyZWFjdC1pY29ucy9zbCIsInJlYWN0LWljb25zL3RiIiwicmVhY3QtaWNvbnMvdGZpIiwicmVhY3QtaWNvbnMvdGkiLCJyZWFjdC1pY29ucy92c2MiLCJyZWFjdC1pY29ucy93aSJdfSwiYnVuZGxlUGFnZXNSb3V0ZXJEZXBlbmRlbmNpZXMiOmZhbHNlLCJjb25maWdGaWxlIjoiL1VzZXJzL2thYml5ZXNpL0RvY3VtZW50cy9hcHBzL2hlYXJ0bXNnL25leHQuY29uZmlnLnRzIiwiY29uZmlnRmlsZU5hbWUiOiJuZXh0LmNvbmZpZy50cyJ9&preferredRegion=&middlewareConfig=e30%3D!

./node_modules/agent-base/dist/index.js:30:1
Module not found: Can't resolve 'net'
  28 | Object.defineProperty(exports, "__esModule", { value: true });
  29 | exports.Agent = void 0;
> 30 | const net = __importStar(require("net"));
     | ^
  31 | const http = __importStar(require("http"));
  32 | const https_1 = require("https");
  33 | __exportStar(require("./helpers"), exports);

https://nextjs.org/docs/messages/module-not-found

Import trace for requested module:
./node_modules/https-proxy-agent/dist/index.js
./node_modules/web-push/src/web-push-lib.js
./node_modules/web-push/src/index.js
./lib/push.ts
./app/api/inbox/[username]/messages/route.ts
./node_modules/next/dist/build/webpack/loaders/next-edge-app-route-loader/index.js?absolutePagePath=private-next-app-dir%2Fapi%2Finbox%2F%5Busername%5D%2Fmessages%2Froute.ts&page=%2Fapi%2Finbox%2F%5Busername%5D%2Fmessages%2Froute&appDirLoader=bmV4dC1hcHAtbG9hZGVyP25hbWU9YXBwJTJGYXBpJTJGaW5ib3glMkYlNUJ1c2VybmFtZSU1RCUyRm1lc3NhZ2VzJTJGcm91dGUmcGFnZT0lMkZhcGklMkZpbmJveCUyRiU1QnVzZXJuYW1lJTVEJTJGbWVzc2FnZXMlMkZyb3V0ZSZwYWdlUGF0aD1wcml2YXRlLW5leHQtYXBwLWRpciUyRmFwaSUyRmluYm94JTJGJTVCdXNlcm5hbWUlNUQlMkZtZXNzYWdlcyUyRnJvdXRlLnRzJmFwcERpcj0lMkZVc2VycyUyRmthYml5ZXNpJTJGRG9jdW1lbnRzJTJGYXBwcyUyRmhlYXJ0bXNnJTJGYXBwJmFwcFBhdGhzPSUyRmFwaSUyRmluYm94JTJGJTVCdXNlcm5hbWUlNUQlMkZtZXNzYWdlcyUyRnJvdXRlJnBhZ2VFeHRlbnNpb25zPXRzeCZwYWdlRXh0ZW5zaW9ucz10cyZwYWdlRXh0ZW5zaW9ucz1qc3gmcGFnZUV4dGVuc2lvbnM9anMmYmFzZVBhdGg9JmFzc2V0UHJlZml4PSZuZXh0Q29uZmlnT3V0cHV0PSZwcmVmZXJyZWRSZWdpb249Jm1pZGRsZXdhcmVDb25maWc9ZTMwJTNEIQ%3D%3D&nextConfig=eyJlbnYiOnt9LCJ3ZWJwYWNrIjpudWxsLCJlc2xpbnQiOnsiaWdub3JlRHVyaW5nQnVpbGRzIjp0cnVlfSwidHlwZXNjcmlwdCI6eyJpZ25vcmVCdWlsZEVycm9ycyI6dHJ1ZSwidHNjb25maWdQYXRoIjoidHNjb25maWcuanNvbiJ9LCJkaXN0RGlyIjoiLm5leHQiLCJjbGVhbkRpc3REaXIiOnRydWUsImFzc2V0UHJlZml4IjoiIiwiY2FjaGVNYXhNZW1vcnlTaXplIjo1MjQyODgwMCwiY29uZmlnT3JpZ2luIjoibmV4dC5jb25maWcudHMiLCJ1c2VGaWxlU3lzdGVtUHVibGljUm91dGVzIjp0cnVlLCJnZW5lcmF0ZUV0YWdzIjp0cnVlLCJwYWdlRXh0ZW5zaW9ucyI6WyJ0c3giLCJ0cyIsImpzeCIsImpzIl0sInBvd2VyZWRCeUhlYWRlciI6dHJ1ZSwiY29tcHJlc3MiOnRydWUsImltYWdlcyI6eyJkZXZpY2VTaXplcyI6WzY0MCw3NTAsODI4LDEwODAsMTIwMCwxOTIwLDIwNDgsMzg0MF0sImltYWdlU2l6ZXMiOlsxNiwzMiw0OCw2NCw5NiwxMjgsMjU2LDM4NF0sInBhdGgiOiIvX25leHQvaW1hZ2UiLCJsb2FkZXIiOiJkZWZhdWx0IiwibG9hZGVyRmlsZSI6IiIsImRvbWFpbnMiOltdLCJkaXNhYmxlU3RhdGljSW1hZ2VzIjpmYWxzZSwibWluaW11bUNhY2hlVFRMIjo2MCwiZm9ybWF0cyI6WyJpbWFnZS93ZWJwIl0sImRhbmdlcm91c2x5QWxsb3dTVkciOmZhbHNlLCJjb250ZW50U2VjdXJpdHlQb2xpY3kiOiJzY3JpcHQtc3JjICdub25lJzsgZnJhbWUtc3JjICdub25lJzsgc2FuZGJveDsiLCJjb250ZW50RGlzcG9zaXRpb25UeXBlIjoiYXR0YWNobWVudCIsInJlbW90ZVBhdHRlcm5zIjpbXSwidW5vcHRpbWl6ZWQiOnRydWV9LCJkZXZJbmRpY2F0b3JzIjp7ImFwcElzclN0YXR1cyI6dHJ1ZSwiYnVpbGRBY3Rpdml0eSI6dHJ1ZSwiYnVpbGRBY3Rpdml0eVBvc2l0aW9uIjoiYm90dG9tLXJpZ2h0In0sIm9uRGVtYW5kRW50cmllcyI6eyJtYXhJbmFjdGl2ZUFnZSI6NjAwMDAsInBhZ2VzQnVmZmVyTGVuZ3RoIjo1fSwiYW1wIjp7ImNhbm9uaWNhbEJhc2UiOiIifSwiYmFzZVBhdGgiOiIiLCJzYXNzT3B0aW9ucyI6e30sInRyYWlsaW5nU2xhc2giOmZhbHNlLCJpMThuIjpudWxsLCJwcm9kdWN0aW9uQnJvd3NlclNvdXJjZU1hcHMiOmZhbHNlLCJleGNsdWRlRGVmYXVsdE1vbWVudExvY2FsZXMiOnRydWUsInNlcnZlclJ1bnRpbWVDb25maWciOnt9LCJwdWJsaWNSdW50aW1lQ29uZmlnIjp7fSwicmVhY3RQcm9kdWN0aW9uUHJvZmlsaW5nIjpmYWxzZSwicmVhY3RTdHJpY3RNb2RlIjpudWxsLCJyZWFjdE1heEhlYWRlcnNMZW5ndGgiOjYwMDAsImh0dHBBZ2VudE9wdGlvbnMiOnsia2VlcEFsaXZlIjp0cnVlfSwibG9nZ2luZyI6e30sImV4cGlyZVRpbWUiOjMxNTM2MDAwLCJzdGF0aWNQYWdlR2VuZXJhdGlvblRpbWVvdXQiOjYwLCJtb2R1bGFyaXplSW1wb3J0cyI6eyJAbXVpL2ljb25zLW1hdGVyaWFsIjp7InRyYW5zZm9ybSI6IkBtdWkvaWNvbnMtbWF0ZXJpYWwve3ttZW1iZXJ9fSJ9LCJsb2Rhc2giOnsidHJhbnNmb3JtIjoibG9kYXNoL3t7bWVtYmVyfX0ifX0sIm91dHB1dEZpbGVUcmFjaW5nUm9vdCI6Ii9Vc2Vycy9rYWJpeWVzaS9Eb2N1bWVudHMvYXBwcy9oZWFydG1zZyIsImV4cGVyaW1lbnRhbCI6eyJjYWNoZUxpZmUiOnsiZGVmYXVsdCI6eyJzdGFsZSI6MzAwLCJyZXZhbGlkYXRlIjo5MDAsImV4cGlyZSI6NDI5NDk2NzI5NH0sInNlY29uZHMiOnsic3RhbGUiOjAsInJldmFsaWRhdGUiOjEsImV4cGlyZSI6NjB9LCJtaW51dGVzIjp7InN0YWxlIjozMDAsInJldmFsaWRhdGUiOjYwLCJleHBpcmUiOjM2MDB9LCJob3VycyI6eyJzdGFsZSI6MzAwLCJyZXZhbGlkYXRlIjozNjAwLCJleHBpcmUiOjg2NDAwfSwiZGF5cyI6eyJzdGFsZSI6MzAwLCJyZXZhbGlkYXRlIjo4NjQwMCwiZXhwaXJlIjo2MDQ4MDB9LCJ3ZWVrcyI6eyJzdGFsZSI6MzAwLCJyZXZhbGlkYXRlIjo2MDQ4MDAsImV4cGlyZSI6MjU5MjAwMH0sIm1heCI6eyJzdGFsZSI6MzAwLCJyZXZhbGlkYXRlIjoyNTkyMDAwLCJleHBpcmUiOjQyOTQ5NjcyOTR9fSwiY2FjaGVIYW5kbGVycyI6e30sImNzc0NodW5raW5nIjp0cnVlLCJtdWx0aVpvbmVEcmFmdE1vZGUiOmZhbHNlLCJhcHBOYXZGYWlsSGFuZGxpbmciOmZhbHNlLCJwcmVyZW5kZXJFYXJseUV4aXQiOnRydWUsInNlcnZlck1pbmlmaWNhdGlvbiI6dHJ1ZSwic2VydmVyU291cmNlTWFwcyI6ZmFsc2UsImxpbmtOb1RvdWNoU3RhcnQiOmZhbHNlLCJjYXNlU2Vuc2l0aXZlUm91dGVzIjpmYWxzZSwiY2xpZW50U2VnbWVudENhY2hlIjpmYWxzZSwicHJlbG9hZEVudHJpZXNPblN0YXJ0Ijp0cnVlLCJjbGllbnRSb3V0ZXJGaWx0ZXIiOnRydWUsImNsaWVudFJvdXRlckZpbHRlclJlZGlyZWN0cyI6ZmFsc2UsImZldGNoQ2FjaGVLZXlQcmVmaXgiOiIiLCJtaWRkbGV3YXJlUHJlZmV0Y2giOiJmbGV4aWJsZSIsIm9wdGltaXN0aWNDbGllbnRDYWNoZSI6dHJ1ZSwibWFudWFsQ2xpZW50QmFzZVBhdGgiOmZhbHNlLCJjcHVzIjoxMCwibWVtb3J5QmFzZWRXb3JrZXJzQ291bnQiOmZhbHNlLCJpbWdPcHRDb25jdXJyZW5jeSI6bnVsbCwiaW1nT3B0VGltZW91dEluU2Vjb25kcyI6NywiaW1nT3B0TWF4SW5wdXRQaXhlbHMiOjI2ODQwMjY4OSwiaW1nT3B0U2VxdWVudGlhbFJlYWQiOm51bGwsImlzckZsdXNoVG9EaXNrIjp0cnVlLCJ3b3JrZXJUaHJlYWRzIjpmYWxzZSwib3B0aW1pemVDc3MiOmZhbHNlLCJuZXh0U2NyaXB0V29ya2VycyI6ZmFsc2UsInNjcm9sbFJlc3RvcmF0aW9uIjpmYWxzZSwiZXh0ZXJuYWxEaXIiOmZhbHNlLCJkaXNhYmxlT3B0aW1pemVkTG9hZGluZyI6ZmFsc2UsImd6aXBTaXplIjp0cnVlLCJjcmFDb21wYXQiOmZhbHNlLCJlc21FeHRlcm5hbHMiOnRydWUsImZ1bGx5U3BlY2lmaWVkIjpmYWxzZSwic3djVHJhY2VQcm9maWxpbmciOmZhbHNlLCJmb3JjZVN3Y1RyYW5zZm9ybXMiOmZhbHNlLCJsYXJnZVBhZ2VEYXRhQnl0ZXMiOjEyODAwMCwidHVyYm8iOnsicm9vdCI6Ii9Vc2Vycy9rYWJpeWVzaS9Eb2N1bWVudHMvYXBwcy9oZWFydG1zZyJ9LCJ0eXBlZFJvdXRlcyI6ZmFsc2UsInR5cGVkRW52IjpmYWxzZSwicGFyYWxsZWxTZXJ2ZXJDb21waWxlcyI6ZmFsc2UsInBhcmFsbGVsU2VydmVyQnVpbGRUcmFjZXMiOmZhbHNlLCJwcHIiOmZhbHNlLCJhdXRoSW50ZXJydXB0cyI6ZmFsc2UsInJlYWN0T3duZXJTdGFjayI6ZmFsc2UsIndlYnBhY2tNZW1vcnlPcHRpbWl6YXRpb25zIjpmYWxzZSwib3B0aW1pemVTZXJ2ZXJSZWFjdCI6dHJ1ZSwidXNlRWFybHlJbXBvcnQiOmZhbHNlLCJzdGFsZVRpbWVzIjp7ImR5bmFtaWMiOjAsInN0YXRpYyI6MzAwfSwic2VydmVyQ29tcG9uZW50c0htckNhY2hlIjp0cnVlLCJzdGF0aWNHZW5lcmF0aW9uTWF4Q29uY3VycmVuY3kiOjgsInN0YXRpY0dlbmVyYXRpb25NaW5QYWdlc1BlcldvcmtlciI6MjUsImR5bmFtaWNJTyI6ZmFsc2UsImlubGluZUNzcyI6ZmFsc2UsIm9wdGltaXplUGFja2FnZUltcG9ydHMiOlsibHVjaWRlLXJlYWN0IiwiZGF0ZS1mbnMiLCJsb2Rhc2gtZXMiLCJyYW1kYSIsImFudGQiLCJyZWFjdC1ib290c3RyYXAiLCJhaG9va3MiLCJAYW50LWRlc2lnbi9pY29ucyIsIkBoZWFkbGVzc3VpL3JlYWN0IiwiQGhlYWRsZXNzdWktZmxvYXQvcmVhY3QiLCJAaGVyb2ljb25zL3JlYWN0LzIwL3NvbGlkIiwiQGhlcm9pY29ucy9yZWFjdC8yNC9zb2xpZCIsIkBoZXJvaWNvbnMvcmVhY3QvMjQvb3V0bGluZSIsIkB2aXN4L3Zpc3giLCJAdHJlbW9yL3JlYWN0IiwicnhqcyIsIkBtdWkvbWF0ZXJpYWwiLCJAbXVpL2ljb25zLW1hdGVyaWFsIiwicmVjaGFydHMiLCJyZWFjdC11c2UiLCJlZmZlY3QiLCJAZWZmZWN0L3NjaGVtYSIsIkBlZmZlY3QvcGxhdGZvcm0iLCJAZWZmZWN0L3BsYXRmb3JtLW5vZGUiLCJAZWZmZWN0L3BsYXRmb3JtLWJyb3dzZXIiLCJAZWZmZWN0L3BsYXRmb3JtLWJ1biIsIkBlZmZlY3Qvc3FsIiwiQGVmZmVjdC9zcWwtbXNzcWwiLCJAZWZmZWN0L3NxbC1teXNxbDIiLCJAZWZmZWN0L3NxbC1wZyIsIkBlZmZlY3Qvc3FsLXNxdWxpdGUtbm9kZSIsIkBlZmZlY3Qvc3FsLXNxdWxpdGUtYnVuIiwiQGVmZmVjdC9zcWwtc3F1bGl0ZS13YXNtIiwiQGVmZmVjdC9zcWwtc3F1bGl0ZS1yZWFjdC1uYXRpdmUiLCJAZWZmZWN0L3JwYyIsIkBlZmZlY3QvcnBjLWh0dHAiLCJAZWZmZWN0L3R5cGVjbGFzcyIsIkBlZmZlY3QvZXhwZXJpbWVudGFsIiwiQGVmZmVjdC9vcGVudGVsZW1ldHJ5IiwiQG1hdGVyaWFsLXVpL2NvcmUiLCJAbWF0ZXJpYWwtdWkvaWNvbnMiLCJAdGFibGVyL2ljb25zLXJlYWN0IiwibXVpLWNvcmUiLCJyZWFjdC1pY29ucy9haSIsInJlYWN0LWljb25zL2JpIiwicmVhY3QtaWNvbnMvYnMiLCJyZWFjdC1pY29ucy9jZyIsInJlYWN0LWljb25zL2NpIiwicmVhY3QtaWNvbnMvZGkiLCJyZWFjdC1pY29ucy9mYSIsInJlYWN0LWljb25zL2ZhNiIsInJlYWN0LWljb25zL2ZjIiwicmVhY3QtaWNvbnMvZmkiLCJyZWFjdC1pY29ucy9naSIsInJlYWN0LWljb25zL2dvIiwicmVhY3QtaWNvbnMvZ3IiLCJyZWFjdC1pY29ucy9oaSIsInJlYWN0LWljb25zL2hpMiIsInJlYWN0LWljb25zL2ltIiwicmVhY3QtaWNvbnMvaW8iLCJyZWFjdC1pY29ucy9pbzUiLCJyZWFjdC1pY29ucy9saWEiLCJyZWFjdC1pY29ucy9saWIiLCJyZWFjdC1pY29ucy9sdSIsInJlYWN0LWljb25zL21kIiwicmVhY3QtaWNvbnMvcGkiLCJyZWFjdC1pY29ucy9yaSIsInJlYWN0LWljb25zL3J4IiwicmVhY3QtaWNvbnMvc2kiLCJyZWFjdC1pY29ucy9zbCIsInJlYWN0LWljb25zL3RiIiwicmVhY3QtaWNvbnMvdGZpIiwicmVhY3QtaWNvbnMvdGkiLCJyZWFjdC1pY29ucy92c2MiLCJyZWFjdC1pY29ucy93aSJdfSwiYnVuZGxlUGFnZXNSb3V0ZXJEZXBlbmRlbmNpZXMiOmZhbHNlLCJjb25maWdGaWxlIjoiL1VzZXJzL2thYml5ZXNpL0RvY3VtZW50cy9hcHBzL2hlYXJ0bXNnL25leHQuY29uZmlnLnRzIiwiY29uZmlnRmlsZU5hbWUiOiJuZXh0LmNvbmZpZy50cyJ9&preferredRegion=&middlewareConfig=e30%3D!

./node_modules/agent-base/dist/index.js:31:1
Module not found: Can't resolve 'http'
  29 | exports.Agent = void 0;
  30 | const net = __importStar(require("net"));
> 31 | const http = __importStar(require("http"));
     | ^
  32 | const https_1 = require("https");
  33 | __exportStar(require("./helpers"), exports);
  34 | const INTERNAL = Symbol('AgentBaseInternalState');

https://nextjs.org/docs/messages/module-not-found

Import trace for requested module:
./node_modules/https-proxy-agent/dist/index.js
./node_modules/web-push/src/web-push-lib.js
./node_modules/web-push/src/index.js
./lib/push.ts
./app/api/inbox/[username]/messages/route.ts
./node_modules/next/dist/build/webpack/loaders/next-edge-app-route-loader/index.js?absolutePagePath=private-next-app-dir%2Fapi%2Finbox%2F%5Busername%5D%2Fmessages%2Froute.ts&page=%2Fapi%2Finbox%2F%5Busername%5D%2Fmessages%2Froute&appDirLoader=bmV4dC1hcHAtbG9hZGVyP25hbWU9YXBwJTJGYXBpJTJGaW5ib3glMkYlNUJ1c2VybmFtZSU1RCUyRm1lc3NhZ2VzJTJGcm91dGUmcGFnZT0lMkZhcGklMkZpbmJveCUyRiU1QnVzZXJuYW1lJTVEJTJGbWVzc2FnZXMlMkZyb3V0ZSZwYWdlUGF0aD1wcml2YXRlLW5leHQtYXBwLWRpciUyRmFwaSUyRmluYm94JTJGJTVCdXNlcm5hbWUlNUQlMkZtZXNzYWdlcyUyRnJvdXRlLnRzJmFwcERpcj0lMkZVc2VycyUyRmthYml5ZXNpJTJGRG9jdW1lbnRzJTJGYXBwcyUyRmhlYXJ0bXNnJTJGYXBwJmFwcFBhdGhzPSUyRmFwaSUyRmluYm94JTJGJTVCdXNlcm5hbWUlNUQlMkZtZXNzYWdlcyUyRnJvdXRlJnBhZ2VFeHRlbnNpb25zPXRzeCZwYWdlRXh0ZW5zaW9ucz10cyZwYWdlRXh0ZW5zaW9ucz1qc3gmcGFnZUV4dGVuc2lvbnM9anMmYmFzZVBhdGg9JmFzc2V0UHJlZml4PSZuZXh0Q29uZmlnT3V0cHV0PSZwcmVmZXJyZWRSZWdpb249Jm1pZGRsZXdhcmVDb25maWc9ZTMwJTNEIQ%3D%3D&nextConfig=eyJlbnYiOnt9LCJ3ZWJwYWNrIjpudWxsLCJlc2xpbnQiOnsiaWdub3JlRHVyaW5nQnVpbGRzIjp0cnVlfSwidHlwZXNjcmlwdCI6eyJpZ25vcmVCdWlsZEVycm9ycyI6dHJ1ZSwidHNjb25maWdQYXRoIjoidHNjb25maWcuanNvbiJ9LCJkaXN0RGlyIjoiLm5leHQiLCJjbGVhbkRpc3REaXIiOnRydWUsImFzc2V0UHJlZml4IjoiIiwiY2FjaGVNYXhNZW1vcnlTaXplIjo1MjQyODgwMCwiY29uZmlnT3JpZ2luIjoibmV4dC5jb25maWcudHMiLCJ1c2VGaWxlU3lzdGVtUHVibGljUm91dGVzIjp0cnVlLCJnZW5lcmF0ZUV0YWdzIjp0cnVlLCJwYWdlRXh0ZW5zaW9ucyI6WyJ0c3giLCJ0cyIsImpzeCIsImpzIl0sInBvd2VyZWRCeUhlYWRlciI6dHJ1ZSwiY29tcHJlc3MiOnRydWUsImltYWdlcyI6eyJkZXZpY2VTaXplcyI6WzY0MCw3NTAsODI4LDEwODAsMTIwMCwxOTIwLDIwNDgsMzg0MF0sImltYWdlU2l6ZXMiOlsxNiwzMiw0OCw2NCw5NiwxMjgsMjU2LDM4NF0sInBhdGgiOiIvX25leHQvaW1hZ2UiLCJsb2FkZXIiOiJkZWZhdWx0IiwibG9hZGVyRmlsZSI6IiIsImRvbWFpbnMiOltdLCJkaXNhYmxlU3RhdGljSW1hZ2VzIjpmYWxzZSwibWluaW11bUNhY2hlVFRMIjo2MCwiZm9ybWF0cyI6WyJpbWFnZS93ZWJwIl0sImRhbmdlcm91c2x5QWxsb3dTVkciOmZhbHNlLCJjb250ZW50U2VjdXJpdHlQb2xpY3kiOiJzY3JpcHQtc3JjICdub25lJzsgZnJhbWUtc3JjICdub25lJzsgc2FuZGJveDsiLCJjb250ZW50RGlzcG9zaXRpb25UeXBlIjoiYXR0YWNobWVudCIsInJlbW90ZVBhdHRlcm5zIjpbXSwidW5vcHRpbWl6ZWQiOnRydWV9LCJkZXZJbmRpY2F0b3JzIjp7ImFwcElzclN0YXR1cyI6dHJ1ZSwiYnVpbGRBY3Rpdml0eSI6dHJ1ZSwiYnVpbGRBY3Rpdml0eVBvc2l0aW9uIjoiYm90dG9tLXJpZ2h0In0sIm9uRGVtYW5kRW50cmllcyI6eyJtYXhJbmFjdGl2ZUFnZSI6NjAwMDAsInBhZ2VzQnVmZmVyTGVuZ3RoIjo1fSwiYW1wIjp7ImNhbm9uaWNhbEJhc2UiOiIifSwiYmFzZVBhdGgiOiIiLCJzYXNzT3B0aW9ucyI6e30sInRyYWlsaW5nU2xhc2giOmZhbHNlLCJpMThuIjpudWxsLCJwcm9kdWN0aW9uQnJvd3NlclNvdXJjZU1hcHMiOmZhbHNlLCJleGNsdWRlRGVmYXVsdE1vbWVudExvY2FsZXMiOnRydWUsInNlcnZlclJ1bnRpbWVDb25maWciOnt9LCJwdWJsaWNSdW50aW1lQ29uZmlnIjp7fSwicmVhY3RQcm9kdWN0aW9uUHJvZmlsaW5nIjpmYWxzZSwicmVhY3RTdHJpY3RNb2RlIjpudWxsLCJyZWFjdE1heEhlYWRlcnNMZW5ndGgiOjYwMDAsImh0dHBBZ2VudE9wdGlvbnMiOnsia2VlcEFsaXZlIjp0cnVlfSwibG9nZ2luZyI6e30sImV4cGlyZVRpbWUiOjMxNTM2MDAwLCJzdGF0aWNQYWdlR2VuZXJhdGlvblRpbWVvdXQiOjYwLCJtb2R1bGFyaXplSW1wb3J0cyI6eyJAbXVpL2ljb25zLW1hdGVyaWFsIjp7InRyYW5zZm9ybSI6IkBtdWkvaWNvbnMtbWF0ZXJpYWwve3ttZW1iZXJ9fSJ9LCJsb2Rhc2giOnsidHJhbnNmb3JtIjoibG9kYXNoL3t7bWVtYmVyfX0ifX0sIm91dHB1dEZpbGVUcmFjaW5nUm9vdCI6Ii9Vc2Vycy9rYWJpeWVzaS9Eb2N1bWVudHMvYXBwcy9oZWFydG1zZyIsImV4cGVyaW1lbnRhbCI6eyJjYWNoZUxpZmUiOnsiZGVmYXVsdCI6eyJzdGFsZSI6MzAwLCJyZXZhbGlkYXRlIjo5MDAsImV4cGlyZSI6NDI5NDk2NzI5NH0sInNlY29uZHMiOnsic3RhbGUiOjAsInJldmFsaWRhdGUiOjEsImV4cGlyZSI6NjB9LCJtaW51dGVzIjp7InN0YWxlIjozMDAsInJldmFsaWRhdGUiOjYwLCJleHBpcmUiOjM2MDB9LCJob3VycyI6eyJzdGFsZSI6MzAwLCJyZXZhbGlkYXRlIjozNjAwLCJleHBpcmUiOjg2NDAwfSwiZGF5cyI6eyJzdGFsZSI6MzAwLCJyZXZhbGlkYXRlIjo4NjQwMCwiZXhwaXJlIjo2MDQ4MDB9LCJ3ZWVrcyI6eyJzdGFsZSI6MzAwLCJyZXZhbGlkYXRlIjo2MDQ4MDAsImV4cGlyZSI6MjU5MjAwMH0sIm1heCI6eyJzdGFsZSI6MzAwLCJyZXZhbGlkYXRlIjoyNTkyMDAwLCJleHBpcmUiOjQyOTQ5NjcyOTR9fSwiY2FjaGVIYW5kbGVycyI6e30sImNzc0NodW5raW5nIjp0cnVlLCJtdWx0aVpvbmVEcmFmdE1vZGUiOmZhbHNlLCJhcHBOYXZGYWlsSGFuZGxpbmciOmZhbHNlLCJwcmVyZW5kZXJFYXJseUV4aXQiOnRydWUsInNlcnZlck1pbmlmaWNhdGlvbiI6dHJ1ZSwic2VydmVyU291cmNlTWFwcyI6ZmFsc2UsImxpbmtOb1RvdWNoU3RhcnQiOmZhbHNlLCJjYXNlU2Vuc2l0aXZlUm91dGVzIjpmYWxzZSwiY2xpZW50U2VnbWVudENhY2hlIjpmYWxzZSwicHJlbG9hZEVudHJpZXNPblN0YXJ0Ijp0cnVlLCJjbGllbnRSb3V0ZXJGaWx0ZXIiOnRydWUsImNsaWVudFJvdXRlckZpbHRlclJlZGlyZWN0cyI6ZmFsc2UsImZldGNoQ2FjaGVLZXlQcmVmaXgiOiIiLCJtaWRkbGV3YXJlUHJlZmV0Y2giOiJmbGV4aWJsZSIsIm9wdGltaXN0aWNDbGllbnRDYWNoZSI6dHJ1ZSwibWFudWFsQ2xpZW50QmFzZVBhdGgiOmZhbHNlLCJjcHVzIjoxMCwibWVtb3J5QmFzZWRXb3JrZXJzQ291bnQiOmZhbHNlLCJpbWdPcHRDb25jdXJyZW5jeSI6bnVsbCwiaW1nT3B0VGltZW91dEluU2Vjb25kcyI6NywiaW1nT3B0TWF4SW5wdXRQaXhlbHMiOjI2ODQwMjY4OSwiaW1nT3B0U2VxdWVudGlhbFJlYWQiOm51bGwsImlzckZsdXNoVG9EaXNrIjp0cnVlLCJ3b3JrZXJUaHJlYWRzIjpmYWxzZSwib3B0aW1pemVDc3MiOmZhbHNlLCJuZXh0U2NyaXB0V29ya2VycyI6ZmFsc2UsInNjcm9sbFJlc3RvcmF0aW9uIjpmYWxzZSwiZXh0ZXJuYWxEaXIiOmZhbHNlLCJkaXNhYmxlT3B0aW1pemVkTG9hZGluZyI6ZmFsc2UsImd6aXBTaXplIjp0cnVlLCJjcmFDb21wYXQiOmZhbHNlLCJlc21FeHRlcm5hbHMiOnRydWUsImZ1bGx5U3BlY2lmaWVkIjpmYWxzZSwic3djVHJhY2VQcm9maWxpbmciOmZhbHNlLCJmb3JjZVN3Y1RyYW5zZm9ybXMiOmZhbHNlLCJsYXJnZVBhZ2VEYXRhQnl0ZXMiOjEyODAwMCwidHVyYm8iOnsicm9vdCI6Ii9Vc2Vycy9rYWJpeWVzaS9Eb2N1bWVudHMvYXBwcy9oZWFydG1zZyJ9LCJ0eXBlZFJvdXRlcyI6ZmFsc2UsInR5cGVkRW52IjpmYWxzZSwicGFyYWxsZWxTZXJ2ZXJDb21waWxlcyI6ZmFsc2UsInBhcmFsbGVsU2VydmVyQnVpbGRUcmFjZXMiOmZhbHNlLCJwcHIiOmZhbHNlLCJhdXRoSW50ZXJydXB0cyI6ZmFsc2UsInJlYWN0T3duZXJTdGFjayI6ZmFsc2UsIndlYnBhY2tNZW1vcnlPcHRpbWl6YXRpb25zIjpmYWxzZSwib3B0aW1pemVTZXJ2ZXJSZWFjdCI6dHJ1ZSwidXNlRWFybHlJbXBvcnQiOmZhbHNlLCJzdGFsZVRpbWVzIjp7ImR5bmFtaWMiOjAsInN0YXRpYyI6MzAwfSwic2VydmVyQ29tcG9uZW50c0htckNhY2hlIjp0cnVlLCJzdGF0aWNHZW5lcmF0aW9uTWF4Q29uY3VycmVuY3kiOjgsInN0YXRpY0dlbmVyYXRpb25NaW5QYWdlc1BlcldvcmtlciI6MjUsImR5bmFtaWNJTyI6ZmFsc2UsImlubGluZUNzcyI6ZmFsc2UsIm9wdGltaXplUGFja2FnZUltcG9ydHMiOlsibHVjaWRlLXJlYWN0IiwiZGF0ZS1mbnMiLCJsb2Rhc2gtZXMiLCJyYW1kYSIsImFudGQiLCJyZWFjdC1ib290c3RyYXAiLCJhaG9va3MiLCJAYW50LWRlc2lnbi9pY29ucyIsIkBoZWFkbGVzc3VpL3JlYWN0IiwiQGhlYWRsZXNzdWktZmxvYXQvcmVhY3QiLCJAaGVyb2ljb25zL3JlYWN0LzIwL3NvbGlkIiwiQGhlcm9pY29ucy9yZWFjdC8yNC9zb2xpZCIsIkBoZXJvaWNvbnMvcmVhY3QvMjQvb3V0bGluZSIsIkB2aXN4L3Zpc3giLCJAdHJlbW9yL3JlYWN0IiwicnhqcyIsIkBtdWkvbWF0ZXJpYWwiLCJAbXVpL2ljb25zLW1hdGVyaWFsIiwicmVjaGFydHMiLCJyZWFjdC11c2UiLCJlZmZlY3QiLCJAZWZmZWN0L3NjaGVtYSIsIkBlZmZlY3QvcGxhdGZvcm0iLCJAZWZmZWN0L3BsYXRmb3JtLW5vZGUiLCJAZWZmZWN0L3BsYXRmb3JtLWJyb3dzZXIiLCJAZWZmZWN0L3BsYXRmb3JtLWJ1biIsIkBlZmZlY3Qvc3FsIiwiQGVmZmVjdC9zcWwtbXNzcWwiLCJAZWZmZWN0L3NxbC1teXNxbDIiLCJAZWZmZWN0L3NxbC1wZyIsIkBlZmZlY3Qvc3FsLXNxdWxpdGUtbm9kZSIsIkBlZmZlY3Qvc3FsLXNxdWxpdGUtYnVuIiwiQGVmZmVjdC9zcWwtc3F1bGl0ZS13YXNtIiwiQGVmZmVjdC9zcWwtc3F1bGl0ZS1yZWFjdC1uYXRpdmUiLCJAZWZmZWN0L3JwYyIsIkBlZmZlY3QvcnBjLWh0dHAiLCJAZWZmZWN0L3R5cGVjbGFzcyIsIkBlZmZlY3QvZXhwZXJpbWVudGFsIiwiQGVmZmVjdC9vcGVudGVsZW1ldHJ5IiwiQG1hdGVyaWFsLXVpL2NvcmUiLCJAbWF0ZXJpYWwtdWkvaWNvbnMiLCJAdGFibGVyL2ljb25zLXJlYWN0IiwibXVpLWNvcmUiLCJyZWFjdC1pY29ucy9haSIsInJlYWN0LWljb25zL2JpIiwicmVhY3QtaWNvbnMvYnMiLCJyZWFjdC1pY29ucy9jZyIsInJlYWN0LWljb25zL2NpIiwicmVhY3QtaWNvbnMvZGkiLCJyZWFjdC1pY29ucy9mYSIsInJlYWN0LWljb25zL2ZhNiIsInJlYWN0LWljb25zL2ZjIiwicmVhY3QtaWNvbnMvZmkiLCJyZWFjdC1pY29ucy9naSIsInJlYWN0LWljb25zL2dvIiwicmVhY3QtaWNvbnMvZ3IiLCJyZWFjdC1pY29ucy9oaSIsInJlYWN0LWljb25zL2hpMiIsInJlYWN0LWljb25zL2ltIiwicmVhY3QtaWNvbnMvaW8iLCJyZWFjdC1pY29ucy9pbzUiLCJyZWFjdC1pY29ucy9saWEiLCJyZWFjdC1pY29ucy9saWIiLCJyZWFjdC1pY29ucy9sdSIsInJlYWN0LWljb25zL21kIiwicmVhY3QtaWNvbnMvcGkiLCJyZWFjdC1pY29ucy9yaSIsInJlYWN0LWljb25zL3J4IiwicmVhY3QtaWNvbnMvc2kiLCJyZWFjdC1pY29ucy9zbCIsInJlYWN0LWljb25zL3RiIiwicmVhY3QtaWNvbnMvdGZpIiwicmVhY3QtaWNvbnMvdGkiLCJyZWFjdC1pY29ucy92c2MiLCJyZWFjdC1pY29ucy93aSJdfSwiYnVuZGxlUGFnZXNSb3V0ZXJEZXBlbmRlbmNpZXMiOmZhbHNlLCJjb25maWdGaWxlIjoiL1VzZXJzL2thYml5ZXNpL0RvY3VtZW50cy9hcHBzL2hlYXJ0bXNnL25leHQuY29uZmlnLnRzIiwiY29uZmlnRmlsZU5hbWUiOiJuZXh0LmNvbmZpZy50cyJ9&preferredRegion=&middlewareConfig=e30%3D!

./node_modules/agent-base/dist/index.js:32:1
Module not found: Can't resolve 'https'
  30 | const net = __importStar(require("net"));
  31 | const http = __importStar(require("http"));
> 32 | const https_1 = require("https");
     | ^
  33 | __exportStar(require("./helpers"), exports);
  34 | const INTERNAL = Symbol('AgentBaseInternalState');
  35 | class Agent extends http.Agent {

https://nextjs.org/docs/messages/module-not-found

Import trace for requested module:
./node_modules/https-proxy-agent/dist/index.js
./node_modules/web-push/src/web-push-lib.js
./node_modules/web-push/src/index.js
./lib/push.ts
./app/api/inbox/[username]/messages/route.ts
./node_modules/next/dist/build/webpack/loaders/next-edge-app-route-loader/index.js?absolutePagePath=private-next-app-dir%2Fapi%2Finbox%2F%5Busername%5D%2Fmessages%2Froute.ts&page=%2Fapi%2Finbox%2F%5Busername%5D%2Fmessages%2Froute&appDirLoader=bmV4dC1hcHAtbG9hZGVyP25hbWU9YXBwJTJGYXBpJTJGaW5ib3glMkYlNUJ1c2VybmFtZSU1RCUyRm1lc3NhZ2VzJTJGcm91dGUmcGFnZT0lMkZhcGklMkZpbmJveCUyRiU1QnVzZXJuYW1lJTVEJTJGbWVzc2FnZXMlMkZyb3V0ZSZwYWdlUGF0aD1wcml2YXRlLW5leHQtYXBwLWRpciUyRmFwaSUyRmluYm94JTJGJTVCdXNlcm5hbWUlNUQlMkZtZXNzYWdlcyUyRnJvdXRlLnRzJmFwcERpcj0lMkZVc2VycyUyRmthYml5ZXNpJTJGRG9jdW1lbnRzJTJGYXBwcyUyRmhlYXJ0bXNnJTJGYXBwJmFwcFBhdGhzPSUyRmFwaSUyRmluYm94JTJGJTVCdXNlcm5hbWUlNUQlMkZtZXNzYWdlcyUyRnJvdXRlJnBhZ2VFeHRlbnNpb25zPXRzeCZwYWdlRXh0ZW5zaW9ucz10cyZwYWdlRXh0ZW5zaW9ucz1qc3gmcGFnZUV4dGVuc2lvbnM9anMmYmFzZVBhdGg9JmFzc2V0UHJlZml4PSZuZXh0Q29uZmlnT3V0cHV0PSZwcmVmZXJyZWRSZWdpb249Jm1pZGRsZXdhcmVDb25maWc9ZTMwJTNEIQ%3D%3D&nextConfig=eyJlbnYiOnt9LCJ3ZWJwYWNrIjpudWxsLCJlc2xpbnQiOnsiaWdub3JlRHVyaW5nQnVpbGRzIjp0cnVlfSwidHlwZXNjcmlwdCI6eyJpZ25vcmVCdWlsZEVycm9ycyI6dHJ1ZSwidHNjb25maWdQYXRoIjoidHNjb25maWcuanNvbiJ9LCJkaXN0RGlyIjoiLm5leHQiLCJjbGVhbkRpc3REaXIiOnRydWUsImFzc2V0UHJlZml4IjoiIiwiY2FjaGVNYXhNZW1vcnlTaXplIjo1MjQyODgwMCwiY29uZmlnT3JpZ2luIjoibmV4dC5jb25maWcudHMiLCJ1c2VGaWxlU3lzdGVtUHVibGljUm91dGVzIjp0cnVlLCJnZW5lcmF0ZUV0YWdzIjp0cnVlLCJwYWdlRXh0ZW5zaW9ucyI6WyJ0c3giLCJ0cyIsImpzeCIsImpzIl0sInBvd2VyZWRCeUhlYWRlciI6dHJ1ZSwiY29tcHJlc3MiOnRydWUsImltYWdlcyI6eyJkZXZpY2VTaXplcyI6WzY0MCw3NTAsODI4LDEwODAsMTIwMCwxOTIwLDIwNDgsMzg0MF0sImltYWdlU2l6ZXMiOlsxNiwzMiw0OCw2NCw5NiwxMjgsMjU2LDM4NF0sInBhdGgiOiIvX25leHQvaW1hZ2UiLCJsb2FkZXIiOiJkZWZhdWx0IiwibG9hZGVyRmlsZSI6IiIsImRvbWFpbnMiOltdLCJkaXNhYmxlU3RhdGljSW1hZ2VzIjpmYWxzZSwibWluaW11bUNhY2hlVFRMIjo2MCwiZm9ybWF0cyI6WyJpbWFnZS93ZWJwIl0sImRhbmdlcm91c2x5QWxsb3dTVkciOmZhbHNlLCJjb250ZW50U2VjdXJpdHlQb2xpY3kiOiJzY3JpcHQtc3JjICdub25lJzsgZnJhbWUtc3JjICdub25lJzsgc2FuZGJveDsiLCJjb250ZW50RGlzcG9zaXRpb25UeXBlIjoiYXR0YWNobWVudCIsInJlbW90ZVBhdHRlcm5zIjpbXSwidW5vcHRpbWl6ZWQiOnRydWV9LCJkZXZJbmRpY2F0b3JzIjp7ImFwcElzclN0YXR1cyI6dHJ1ZSwiYnVpbGRBY3Rpdml0eSI6dHJ1ZSwiYnVpbGRBY3Rpdml0eVBvc2l0aW9uIjoiYm90dG9tLXJpZ2h0In0sIm9uRGVtYW5kRW50cmllcyI6eyJtYXhJbmFjdGl2ZUFnZSI6NjAwMDAsInBhZ2VzQnVmZmVyTGVuZ3RoIjo1fSwiYW1wIjp7ImNhbm9uaWNhbEJhc2UiOiIifSwiYmFzZVBhdGgiOiIiLCJzYXNzT3B0aW9ucyI6e30sInRyYWlsaW5nU2xhc2giOmZhbHNlLCJpMThuIjpudWxsLCJwcm9kdWN0aW9uQnJvd3NlclNvdXJjZU1hcHMiOmZhbHNlLCJleGNsdWRlRGVmYXVsdE1vbWVudExvY2FsZXMiOnRydWUsInNlcnZlclJ1bnRpbWVDb25maWciOnt9LCJwdWJsaWNSdW50aW1lQ29uZmlnIjp7fSwicmVhY3RQcm9kdWN0aW9uUHJvZmlsaW5nIjpmYWxzZSwicmVhY3RTdHJpY3RNb2RlIjpudWxsLCJyZWFjdE1heEhlYWRlcnNMZW5ndGgiOjYwMDAsImh0dHBBZ2VudE9wdGlvbnMiOnsia2VlcEFsaXZlIjp0cnVlfSwibG9nZ2luZyI6e30sImV4cGlyZVRpbWUiOjMxNTM2MDAwLCJzdGF0aWNQYWdlR2VuZXJhdGlvblRpbWVvdXQiOjYwLCJtb2R1bGFyaXplSW1wb3J0cyI6eyJAbXVpL2ljb25zLW1hdGVyaWFsIjp7InRyYW5zZm9ybSI6IkBtdWkvaWNvbnMtbWF0ZXJpYWwve3ttZW1iZXJ9fSJ9LCJsb2Rhc2giOnsidHJhbnNmb3JtIjoibG9kYXNoL3t7bWVtYmVyfX0ifX0sIm91dHB1dEZpbGVUcmFjaW5nUm9vdCI6Ii9Vc2Vycy9rYWJpeWVzaS9Eb2N1bWVudHMvYXBwcy9oZWFydG1zZyIsImV4cGVyaW1lbnRhbCI6eyJjYWNoZUxpZmUiOnsiZGVmYXVsdCI6eyJzdGFsZSI6MzAwLCJyZXZhbGlkYXRlIjo5MDAsImV4cGlyZSI6NDI5NDk2NzI5NH0sInNlY29uZHMiOnsic3RhbGUiOjAsInJldmFsaWRhdGUiOjEsImV4cGlyZSI6NjB9LCJtaW51dGVzIjp7InN0YWxlIjozMDAsInJldmFsaWRhdGUiOjYwLCJleHBpcmUiOjM2MDB9LCJob3VycyI6eyJzdGFsZSI6MzAwLCJyZXZhbGlkYXRlIjozNjAwLCJleHBpcmUiOjg2NDAwfSwiZGF5cyI6eyJzdGFsZSI6MzAwLCJyZXZhbGlkYXRlIjo4NjQwMCwiZXhwaXJlIjo2MDQ4MDB9LCJ3ZWVrcyI6eyJzdGFsZSI6MzAwLCJyZXZhbGlkYXRlIjo2MDQ4MDAsImV4cGlyZSI6MjU5MjAwMH0sIm1heCI6eyJzdGFsZSI6MzAwLCJyZXZhbGlkYXRlIjoyNTkyMDAwLCJleHBpcmUiOjQyOTQ5NjcyOTR9fSwiY2FjaGVIYW5kbGVycyI6e30sImNzc0NodW5raW5nIjp0cnVlLCJtdWx0aVpvbmVEcmFmdE1vZGUiOmZhbHNlLCJhcHBOYXZGYWlsSGFuZGxpbmciOmZhbHNlLCJwcmVyZW5kZXJFYXJseUV4aXQiOnRydWUsInNlcnZlck1pbmlmaWNhdGlvbiI6dHJ1ZSwic2VydmVyU291cmNlTWFwcyI6ZmFsc2UsImxpbmtOb1RvdWNoU3RhcnQiOmZhbHNlLCJjYXNlU2Vuc2l0aXZlUm91dGVzIjpmYWxzZSwiY2xpZW50U2VnbWVudENhY2hlIjpmYWxzZSwicHJlbG9hZEVudHJpZXNPblN0YXJ0Ijp0cnVlLCJjbGllbnRSb3V0ZXJGaWx0ZXIiOnRydWUsImNsaWVudFJvdXRlckZpbHRlclJlZGlyZWN0cyI6ZmFsc2UsImZldGNoQ2FjaGVLZXlQcmVmaXgiOiIiLCJtaWRkbGV3YXJlUHJlZmV0Y2giOiJmbGV4aWJsZSIsIm9wdGltaXN0aWNDbGllbnRDYWNoZSI6dHJ1ZSwibWFudWFsQ2xpZW50QmFzZVBhdGgiOmZhbHNlLCJjcHVzIjoxMCwibWVtb3J5QmFzZWRXb3JrZXJzQ291bnQiOmZhbHNlLCJpbWdPcHRDb25jdXJyZW5jeSI6bnVsbCwiaW1nT3B0VGltZW91dEluU2Vjb25kcyI6NywiaW1nT3B0TWF4SW5wdXRQaXhlbHMiOjI2ODQwMjY4OSwiaW1nT3B0U2VxdWVudGlhbFJlYWQiOm51bGwsImlzckZsdXNoVG9EaXNrIjp0cnVlLCJ3b3JrZXJUaHJlYWRzIjpmYWxzZSwib3B0aW1pemVDc3MiOmZhbHNlLCJuZXh0U2NyaXB0V29ya2VycyI6ZmFsc2UsInNjcm9sbFJlc3RvcmF0aW9uIjpmYWxzZSwiZXh0ZXJuYWxEaXIiOmZhbHNlLCJkaXNhYmxlT3B0aW1pemVkTG9hZGluZyI6ZmFsc2UsImd6aXBTaXplIjp0cnVlLCJjcmFDb21wYXQiOmZhbHNlLCJlc21FeHRlcm5hbHMiOnRydWUsImZ1bGx5U3BlY2lmaWVkIjpmYWxzZSwic3djVHJhY2VQcm9maWxpbmciOmZhbHNlLCJmb3JjZVN3Y1RyYW5zZm9ybXMiOmZhbHNlLCJsYXJnZVBhZ2VEYXRhQnl0ZXMiOjEyODAwMCwidHVyYm8iOnsicm9vdCI6Ii9Vc2Vycy9rYWJpeWVzaS9Eb2N1bWVudHMvYXBwcy9oZWFydG1zZyJ9LCJ0eXBlZFJvdXRlcyI6ZmFsc2UsInR5cGVkRW52IjpmYWxzZSwicGFyYWxsZWxTZXJ2ZXJDb21waWxlcyI6ZmFsc2UsInBhcmFsbGVsU2VydmVyQnVpbGRUcmFjZXMiOmZhbHNlLCJwcHIiOmZhbHNlLCJhdXRoSW50ZXJydXB0cyI6ZmFsc2UsInJlYWN0T3duZXJTdGFjayI6ZmFsc2UsIndlYnBhY2tNZW1vcnlPcHRpbWl6YXRpb25zIjpmYWxzZSwib3B0aW1pemVTZXJ2ZXJSZWFjdCI6dHJ1ZSwidXNlRWFybHlJbXBvcnQiOmZhbHNlLCJzdGFsZVRpbWVzIjp7ImR5bmFtaWMiOjAsInN0YXRpYyI6MzAwfSwic2VydmVyQ29tcG9uZW50c0htckNhY2hlIjp0cnVlLCJzdGF0aWNHZW5lcmF0aW9uTWF4Q29uY3VycmVuY3kiOjgsInN0YXRpY0dlbmVyYXRpb25NaW5QYWdlc1BlcldvcmtlciI6MjUsImR5bmFtaWNJTyI6ZmFsc2UsImlubGluZUNzcyI6ZmFsc2UsIm9wdGltaXplUGFja2FnZUltcG9ydHMiOlsibHVjaWRlLXJlYWN0IiwiZGF0ZS1mbnMiLCJsb2Rhc2gtZXMiLCJyYW1kYSIsImFudGQiLCJyZWFjdC1ib290c3RyYXAiLCJhaG9va3MiLCJAYW50LWRlc2lnbi9pY29ucyIsIkBoZWFkbGVzc3VpL3JlYWN0IiwiQGhlYWRsZXNzdWktZmxvYXQvcmVhY3QiLCJAaGVyb2ljb25zL3JlYWN0LzIwL3NvbGlkIiwiQGhlcm9pY29ucy9yZWFjdC8yNC9zb2xpZCIsIkBoZXJvaWNvbnMvcmVhY3QvMjQvb3V0bGluZSIsIkB2aXN4L3Zpc3giLCJAdHJlbW9yL3JlYWN0IiwicnhqcyIsIkBtdWkvbWF0ZXJpYWwiLCJAbXVpL2ljb25zLW1hdGVyaWFsIiwicmVjaGFydHMiLCJyZWFjdC11c2UiLCJlZmZlY3QiLCJAZWZmZWN0L3NjaGVtYSIsIkBlZmZlY3QvcGxhdGZvcm0iLCJAZWZmZWN0L3BsYXRmb3JtLW5vZGUiLCJAZWZmZWN0L3BsYXRmb3JtLWJyb3dzZXIiLCJAZWZmZWN0L3BsYXRmb3JtLWJ1biIsIkBlZmZlY3Qvc3FsIiwiQGVmZmVjdC9zcWwtbXNzcWwiLCJAZWZmZWN0L3NxbC1teXNxbDIiLCJAZWZmZWN0L3NxbC1wZyIsIkBlZmZlY3Qvc3FsLXNxdWxpdGUtbm9kZSIsIkBlZmZlY3Qvc3FsLXNxdWxpdGUtYnVuIiwiQGVmZmVjdC9zcWwtc3F1bGl0ZS13YXNtIiwiQGVmZmVjdC9zcWwtc3F1bGl0ZS1yZWFjdC1uYXRpdmUiLCJAZWZmZWN0L3JwYyIsIkBlZmZlY3QvcnBjLWh0dHAiLCJAZWZmZWN0L3R5cGVjbGFzcyIsIkBlZmZlY3QvZXhwZXJpbWVudGFsIiwiQGVmZmVjdC9vcGVudGVsZW1ldHJ5IiwiQG1hdGVyaWFsLXVpL2NvcmUiLCJAbWF0ZXJpYWwtdWkvaWNvbnMiLCJAdGFibGVyL2ljb25zLXJlYWN0IiwibXVpLWNvcmUiLCJyZWFjdC1pY29ucy9haSIsInJlYWN0LWljb25zL2JpIiwicmVhY3QtaWNvbnMvYnMiLCJyZWFjdC1pY29ucy9jZyIsInJlYWN0LWljb25zL2NpIiwicmVhY3QtaWNvbnMvZGkiLCJyZWFjdC1pY29ucy9mYSIsInJlYWN0LWljb25zL2ZhNiIsInJlYWN0LWljb25zL2ZjIiwicmVhY3QtaWNvbnMvZmkiLCJyZWFjdC1pY29ucy9naSIsInJlYWN0LWljb25zL2dvIiwicmVhY3QtaWNvbnMvZ3IiLCJyZWFjdC1pY29ucy9oaSIsInJlYWN0LWljb25zL2hpMiIsInJlYWN0LWljb25zL2ltIiwicmVhY3QtaWNvbnMvaW8iLCJyZWFjdC1pY29ucy9pbzUiLCJyZWFjdC1pY29ucy9saWEiLCJyZWFjdC1pY29ucy9saWIiLCJyZWFjdC1pY29ucy9sdSIsInJlYWN0LWljb25zL21kIiwicmVhY3QtaWNvbnMvcGkiLCJyZWFjdC1pY29ucy9yaSIsInJlYWN0LWljb25zL3J4IiwicmVhY3QtaWNvbnMvc2kiLCJyZWFjdC1pY29ucy9zbCIsInJlYWN0LWljb25zL3RiIiwicmVhY3QtaWNvbnMvdGZpIiwicmVhY3QtaWNvbnMvdGkiLCJyZWFjdC1pY29ucy92c2MiLCJyZWFjdC1pY29ucy93aSJdfSwiYnVuZGxlUGFnZXNSb3V0ZXJEZXBlbmRlbmNpZXMiOmZhbHNlLCJjb25maWdGaWxlIjoiL1VzZXJzL2thYml5ZXNpL0RvY3VtZW50cy9hcHBzL2hlYXJ0bXNnL25leHQuY29uZmlnLnRzIiwiY29uZmlnRmlsZU5hbWUiOiJuZXh0LmNvbmZpZy50cyJ9&preferredRegion=&middlewareConfig=e30%3D!


> Build failed because of webpack errors
